
==> 环境检查
[OK] JDK: D:\jdk-21
[OK] Android SDK: D:\\Android\\Sdk

==> 输入校验
[OK] HTML 目录: D:\qzq\smartquiz\apk_export\aurora_clock_v5_web

==> 打包 HTML 资源
zip entries: ['index.html']
dt.jet written: D:\qzq\smartquiz\html2apk\app\src\main\assets\dt.jet size: 36320
[OK] dt.jet 已生成: 36320 bytes
[OK] manifest.json: {"main":"index.html","targver":1}
[OK] assets 已就绪，共 2 个文件（63 桥壳：TTS/方向/亮度/权限/SAF/截图/剪贴板/网络代理等）

==> 图标处理
[OK] 已使用自定义图标: D:\qzq\smartquiz\apk_export\aurora_icon_512.png

==> 签名配置
[OK] 复用 keystore: D:\qzq\smartquiz\smartquiz.keystore

==> 写入构建配置
[OK] 配置已写入: D:\qzq\smartquiz\html2apk\build_config.properties
[OK] 应用名: 极光时钟 | 包名: com.cjhtmldemo.p4c0c03e6e19f | 版本: 9.1 (18)

==> Gradle 构建 (release)
Starting a Gradle Daemon, 2 incompatible and 13 stopped Daemons could not be reused, use --status for details
WARNING: We recommend using a newer Android Gradle plugin to use compileSdk = 35

This Android Gradle plugin (8.4.0) was tested up to compileSdk = 34.

You are strongly encouraged to update your project to use a newer
Android Gradle plugin that has been tested with compileSdk = 35.

If you are already using the latest version of the Android Gradle plugin,
you may need to wait until a newer version with support for compileSdk = 35 is available.

To suppress this warning, add/update
    android.suppressUnsupportedCompileSdk=35
to this project's gradle.properties.
> Task :app:preBuild UP-TO-DATE
> Task :app:preReleaseBuild UP-TO-DATE
> Task :app:javaPreCompileRelease UP-TO-DATE
> Task :app:checkReleaseAarMetadata UP-TO-DATE
> Task :app:generateReleaseResValues UP-TO-DATE
> Task :app:mapReleaseSourceSetPaths UP-TO-DATE
> Task :app:generateReleaseResources UP-TO-DATE
> Task :app:mergeReleaseResources UP-TO-DATE
> Task :app:packageReleaseResources UP-TO-DATE
> Task :app:parseReleaseLocalResources UP-TO-DATE
> Task :app:createReleaseCompatibleScreenManifests UP-TO-DATE
> Task :app:extractDeepLinksRelease UP-TO-DATE
> Task :app:processReleaseMainManifest UP-TO-DATE
> Task :app:processReleaseManifest UP-TO-DATE
> Task :app:processReleaseManifestForPackage UP-TO-DATE
> Task :app:processReleaseResources UP-TO-DATE

> Task :app:compileReleaseJavaWithJavac
powershell : 注: D:\qzq\smartquiz\html2apk\app\src\main\java\com\html2apk\wrapper\MainActivity.java使用或覆盖了已过时的 API。
所在位置 行:5 字符: 1
+ powershell -NoProfile -ExecutionPolicy Bypass -File "D:\qzq\smartquiz ...
+ ~~~~~~~~~~~~~~~~~~~~~~~~~~~~~~~~~~~~~~~~~~~~~~~~~~~~~~~~~~~~~~~~~~~~~
    + CategoryInfo          : NotSpecified: (注: D:\qzq\smart...使用或覆盖了已过时的 API。:String) [], RemoteException
    + FullyQualifiedErrorId : NativeCommandError
 
注: 有关详细信息, 请使用 -Xlint:deprecation 重新编译。

> Task :app:extractProguardFiles UP-TO-DATE
> Task :app:generateReleaseLintVitalReportModel
> Task :app:mergeReleaseJniLibFolders UP-TO-DATE
> Task :app:mergeReleaseNativeLibs NO-SOURCE
> Task :app:stripReleaseDebugSymbols NO-SOURCE
> Task :app:extractReleaseNativeSymbolTables NO-SOURCE
> Task :app:mergeReleaseNativeDebugMetadata NO-SOURCE
> Task :app:checkReleaseDuplicateClasses UP-TO-DATE
> Task :app:dexBuilderRelease
> Task :app:desugarReleaseFileDependencies UP-TO-DATE
> Task :app:mergeReleaseStartupProfile UP-TO-DATE
> Task :app:mergeExtDexRelease UP-TO-DATE
> Task :app:mergeReleaseArtProfile UP-TO-DATE
> Task :app:mergeReleaseGlobalSynthetics UP-TO-DATE
> Task :app:mergeReleaseShaders UP-TO-DATE
> Task :app:compileReleaseShaders NO-SOURCE
> Task :app:generateReleaseAssets UP-TO-DATE
> Task :app:mergeReleaseAssets
> Task :app:extractReleaseVersionControlInfo UP-TO-DATE
> Task :app:processReleaseJavaRes NO-SOURCE
> Task :app:mergeReleaseJavaResource UP-TO-DATE
> Task :app:compressReleaseAssets
> Task :app:optimizeReleaseResources UP-TO-DATE
> Task :app:collectReleaseDependencies UP-TO-DATE
> Task :app:sdkReleaseDependencyData UP-TO-DATE
> Task :app:validateSigningRelease UP-TO-DATE
> Task :app:writeReleaseAppMetadata UP-TO-DATE
> Task :app:writeReleaseSigningConfigVersions UP-TO-DATE
> Task :app:mergeDexRelease
> Task :app:compileReleaseArtProfile
> Task :app:packageRelease
> Task :app:createReleaseApkListingFileRedirect UP-TO-DATE
> Task :app:lintVitalAnalyzeRelease
> Task :app:lintVitalReportRelease UP-TO-DATE
> Task :app:lintVitalRelease
> Task :app:assembleRelease

[Incubating] Problems report is available at: file:///D:/qzq/smartquiz/html2apk/build/reports/problems/problems-report.html

Deprecated Gradle features were used in this build, making it incompatible with Gradle 9.0.

You can use '--warning-mode all' to show the individual deprecation warnings and determine if they come from your own scripts or plugins.

For more on this, please refer to https://docs.gradle.org/8.13/userguide/command_line_interface.html#sec:command_line_warnings in the Gradle documentation.

BUILD SUCCESSFUL in 15s
43 actionable tasks: 10 executed, 33 up-to-date
[OK] 构建成功

==> 输出 APK

==> APK 校验 (aapt dump badging)
[OK] 包名/版本: package: name='com.cjhtmldemo.p4c0c03e6e19f' versionCode='18' versionName='9.1' platformBuildVersionName='15' platformBuildVersionCode='35' compileSdkVersion='35' compileSdkVersionCodename='15'
[OK] 应用标签: application-label:'极光时钟'
[OK] SDK 版本: sdkVersion:'26'

================================================================
  APK 导出完成！
================================================================
  APK 路径 : D:\qzq\smartquiz\html2apk\out\p4c0c03e6e19f-9.1.apk
  APK 大小 : 1.55 MB
  应用名   : 极光时钟
  包名     : com.cjhtmldemo.p4c0c03e6e19f
  版本     : 9.1 (18)
  加载方式 : 本地 dt.jet 解密 + HTTP 服务
  安装命令 : adb install -r "D:\qzq\smartquiz\html2apk\out\p4c0c03e6e19f-9.1.apk"
================================================================
