Configuration on demand is an incubating feature.
> Task :viewer:preBuild UP-TO-DATE
> Task :viewer:preDebugBuild UP-TO-DATE
> Task :checkKotlinGradlePluginConfigurationErrors
> Task :preBuild UP-TO-DATE
> Task :preDebugBuild UP-TO-DATE
> Task :viewer:generateDebugResValues UP-TO-DATE
> Task :viewer:generateDebugResources UP-TO-DATE
> Task :viewer:packageDebugResources UP-TO-DATE
> Task :viewer:parseDebugLocalResources UP-TO-DATE
> Task :viewer:generateDebugRFile UP-TO-DATE
> Task :viewer:writeDebugAarMetadata UP-TO-DATE
> Task :viewer:extractDeepLinksDebug UP-TO-DATE
> Task :viewer:processDebugManifest UP-TO-DATE
> Task :viewer:compileDebugLibraryResources UP-TO-DATE
> Task :viewer:generateDebugBuildConfig UP-TO-DATE
> Task :viewer:javaPreCompileDebug UP-TO-DATE
> Task :viewer:compileDebugJavaWithJavac UP-TO-DATE
> Task :viewer:bundleLibCompileToJarDebug UP-TO-DATE
> Task :dataBindingMergeDependencyArtifactsDebug UP-TO-DATE
> Task :generateDebugResValues UP-TO-DATE
> Task :generateDebugResources UP-TO-DATE
> Task :mergeDebugResources UP-TO-DATE
> Task :packageDebugResources UP-TO-DATE
> Task :parseDebugLocalResources UP-TO-DATE
> Task :dataBindingGenBaseClassesDebug UP-TO-DATE
> Task :extractDebugPythonBuildPackages UP-TO-DATE
> Task :generateDebugPythonRequirements UP-TO-DATE
> Task :mergeDebugPythonSources UP-TO-DATE
> Task :generateDebugPythonProxies UP-TO-DATE
> Task :checkDebugAarMetadata UP-TO-DATE
> Task :mapDebugSourceSetPaths UP-TO-DATE
> Task :createDebugCompatibleScreenManifests UP-TO-DATE
> Task :extractDeepLinksDebug UP-TO-DATE
> Task :processDebugMainManifest UP-TO-DATE
> Task :processDebugManifest UP-TO-DATE
> Task :processDebugManifestForPackage UP-TO-DATE
> Task :processDebugResources UP-TO-DATE
> Task :javaPreCompileDebug UP-TO-DATE
> Task :compileDebugKotlin

> Task :compileDebugJavaWithJavac
The following annotation processors are not incremental: prism4j-bundler-2.0.0.jar (io.noties:prism4j-bundler:2.0.0).
Make sure all annotation processors are incremental to improve your build speed.
.\gradlew.bat : D:\qzq\smartquiz\src\main\java\com\oilquiz\app\ai\usage\db\entity\ModelEntity.java:18: 警告: There are mu
ltiple good constructors and Room will pick the no-arg constructor. You can use the @Ignore annotation to eliminate unw
anted constructors.
所在位置 行:1 字符: 24
+ ... smartquiz"; .\gradlew.bat compileDebugJavaWithJavac --console=plain > ...
+                 ~~~~~~~~~~~~~~~~~~~~~~~~~~~~~~~~~~~~~~~~~~~~~~~~~~~~~~~~~
    + CategoryInfo          : NotSpecified: (D:\qzq\smartqui...d constructors.:String) [], RemoteException
    + FullyQualifiedErrorId : NativeCommandError
 
public class ModelEntity {
       ^
D:\qzq\smartquiz\src\main\java\com\oilquiz\app\ai\usage\db\entity\ModelEntity.java:18: 警告: There are multiple good cons
tructors and Room will pick the no-arg constructor. You can use the @Ignore annotation to eliminate unwanted constructo
rs.
public class ModelEntity {
       ^
D:\qzq\smartquiz\src\main\java\com\oilquiz\app\ai\usage\db\UsageDatabase.java:37: 警告: Schema export directory is not pr
ovided to the annotation processor so we cannot export the schema. You can either provide `room.schemaLocation` annotat
ion processor argument OR set exportSchema to false.
public abstract class UsageDatabase extends RoomDatabase {
                ^
警告: 来自批注处理程序 'org.gradle.api.internal.tasks.compile.processing.TimeTrackingProcessor' 的受支持 source 版本 'RELEASE_8' 低于 -so
urce '17'
注: [prism4j-bundler] Processing took: 370 ms
注: [prism4j-bundler] Processing took: 1 ms
注: [prism4j-bundler] Processing took: 0 ms
D:\qzq\smartquiz\src\main\java\com\oilquiz\app\theme\mcu\scheme\Scheme.java:31: 警告: [dep-ann] 未使用 @Deprecated 对已过时的项目进行
注释
public class Scheme {
       ^
D:\qzq\smartquiz\src\main\java\com\oilquiz\app\theme\mcu\palettes\CorePalette.java:48: 警告: [dep-ann] 未使用 @Deprecated 对已
过时的项目进行注释
    public static CorePalette of(int argb) {
                              ^
D:\qzq\smartquiz\src\main\java\com\oilquiz\app\theme\mcu\palettes\CorePalette.java:60: 警告: [dep-ann] 未使用 @Deprecated 对已
过时的项目进行注释
    public static CorePalette contentOf(int argb) {
                              ^
D:\qzq\smartquiz\src\main\java\com\oilquiz\app\theme\mcu\palettes\CorePalette.java:32: 警告: [dep-ann] 未使用 @Deprecated 对已
过时的项目进行注释
public final class CorePalette {
             ^
注: 某些输入文件使用或覆盖了已过时的 API。
注: 有关详细信息, 请使用 -Xlint:deprecation 重新编译。
注: 某些输入文件使用了未经检查或不安全的操作。
注: 有关详细信息, 请使用 -Xlint:unchecked 重新编译。
8 个警告

[Incubating] Problems report is available at: file:///D:/qzq/smartquiz/build/reports/problems/problems-report.html

Deprecated Gradle features were used in this build, making it incompatible with Gradle 9.0.

You can use '--warning-mode all' to show the individual deprecation warnings and determine if they come from your own scripts or plugins.

For more on this, please refer to https://docs.gradle.org/8.13/userguide/command_line_interface.html#sec:command_line_warnings in the Gradle documentation.

BUILD SUCCESSFUL in 20s
36 actionable tasks: 3 executed, 33 up-to-date
