D:\qzq\smartquiz\src\main\java\com\oilquiz\app\ai\usage\db\entity\ModelEntity.java:18: 警告: There are multiple good constructors and Room will pick the no-arg constructor. You can use the @Ignore annotation to eliminate unwanted constructors.
public class ModelEntity {
       ^
D:\qzq\smartquiz\src\main\java\com\oilquiz\app\ai\usage\db\entity\ModelEntity.java:18: 警告: There are multiple good constructors and Room will pick the no-arg constructor. You can use the @Ignore annotation to eliminate unwanted constructors.
public class ModelEntity {
       ^
D:\qzq\smartquiz\src\main\java\com\oilquiz\app\ai\usage\db\UsageDatabase.java:37: 警告: Schema export directory is not provided to the annotation processor so we cannot export the schema. You can either provide `room.schemaLocation` annotation processor argument OR set exportSchema to false.
public abstract class UsageDatabase extends RoomDatabase {
                ^
警告: 来自批注处理程序 'org.gradle.api.internal.tasks.compile.processing.TimeTrackingProcessor' 的受支持 source 版本 'RELEASE_8' 低于 -source '17'
注: [prism4j-bundler] Processing took: 422 ms
注: [prism4j-bundler] Processing took: 0 ms
注: [prism4j-bundler] Processing took: 0 ms
D:\qzq\smartquiz\src\main\java\com\oilquiz\app\theme\mcu\scheme\Scheme.java:31: 警告: [dep-ann] 未使用 @Deprecated 对已过时的项目进行注释
public class Scheme {
       ^
D:\qzq\smartquiz\src\main\java\com\oilquiz\app\theme\mcu\palettes\CorePalette.java:48: 警告: [dep-ann] 未使用 @Deprecated 对已过时的项目进行注释
    public static CorePalette of(int argb) {
                              ^
D:\qzq\smartquiz\src\main\java\com\oilquiz\app\theme\mcu\palettes\CorePalette.java:60: 警告: [dep-ann] 未使用 @Deprecated 对已过时的项目进行注释
    public static CorePalette contentOf(int argb) {
                              ^
D:\qzq\smartquiz\src\main\java\com\oilquiz\app\theme\mcu\palettes\CorePalette.java:32: 警告: [dep-ann] 未使用 @Deprecated 对已过时的项目进行注释
public final class CorePalette {
             ^
注: 某些输入文件使用或覆盖了已过时的 API。
注: 有关详细信息, 请使用 -Xlint:deprecation 重新编译。
注: 某些输入文件使用了未经检查或不安全的操作。
注: 有关详细信息, 请使用 -Xlint:unchecked 重新编译。
8 个警告
